
PS C:\Users\rosiv\OneDrive\Área de Trabalho\testMyPharma\TestMyPharmaBack_end> git init
Initialized empty Git repository in C:/Users/rosiv/OneDrive/Área de Trabalho/testMyPharma/TestMyPharmaBack_end/.git/
PS C:\Users\rosiv\OneDrive\Área de Trabalho\testMyPharma\TestMyPharmaBack_end> git add .
warning: LF will be replaced by CRLF in package-lock.json.
The file will have its original line endings in your working directory
warning: LF will be replaced by CRLF in package.json.
On branch master

No commits yet

Changes to be committed:
  (use "git rm --cached <file>..." to unstage)
        new file:   .gitignore
        new file:   index.js
        new file:   log1.txt
        new file:   log2.txt
        new file:   log3.txt
        new file:   package-lock.json
        new file:   package.json
        new file:   src/controllers/categoriaController.js
        new file:   src/controllers/marcarController.js
        new file:   src/controllers/produtoController.js
        new file:   src/models/usuarios.js
        new file:   src/routes/routes.js

PS C:\Users\rosiv\OneDrive\Área de Trabalho\testMyPharma\TestMyPharmaBack_end> git commit
                                                                             > git commit -m "Primeiro commit da aplicação"
[master (root-commit) 3e43e62] Primeiro commit da aplicação
 14 files changed, 4299 insertions(+)
 create mode 100644 .gitignore
 create mode 100644 index.js
 create mode 100644 log1.txt
 create mode 100644 log2.txt
 create mode 100644 log3.txt
 create mode 100644 package-lock.json
 create mode 100644 package.json
 create mode 100644 src/controllers/categoriaController.js
 create mode 100644 src/controllers/marcarController.js
 create mode 100644 src/controllers/produtoController.js
 create mode 100644 src/controllers/usuarioController.js
 create mode 100644 src/models/produto.js
 create mode 100644 src/models/usuarios.js
 create mode 100644 src/routes/routes.js
PS C:\Users\rosiv\OneDrive\Área de Trabalho\testMyPharma\TestMyPharmaBack_end> git remote add origin https://github.com/rosivaldo9/TestMyPharmaBeckEnd.git
PS C:\Users\rosiv\OneDrive\Área de Trabalho\testMyPharma\TestMyPharmaBack_end> git push -u origin master
Enumerating objects: 20, done.
Counting objects: 100% (20/20), done.
Delta compression using up to 4 threads
Compressing objects: 100% (18/18), done.
Writing objects: 100% (20/20), 34.97 KiB | 1.34 MiB/s, done.
Total 20 (delta 3), reused 0 (delta 0), pack-reused 0
remote: Resolving deltas: 100% (3/3), done.
To https://github.com/rosivaldo9/TestMyPharmaBeckEnd.git
 * [new branch]      master -> master
Branch 'master' set up to track remote branch 'master' from 'origin'.
PS C:\Users\rosiv\OneDrive\Área de Trabalho\testMyPharma\TestMyPharmaBack_end> 